// Jest Snapshot v1, https://goo.gl/fbAQLP

exports[`components/ChannelSettingsModal subscription modal snapshot test 1`] = `
<Modal
  animation={true}
  autoFocus={true}
  backdrop="static"
  dialogAs={
    Object {
      "$$typeof": Symbol(react.forward_ref),
      "render": [Function],
    }
  }
  enforceFocus={true}
  keyboard={true}
  onHide={[Function]}
  restoreFocus={true}
  show={true}
>
  <ModalHeader
    closeButton={true}
    closeLabel="Close"
  >
    <ModalTitle>
      Edit Your Confluence Subscription
    </ModalTitle>
  </ModalHeader>
  <ModalBody>
    <div>
      <ConfluenceField
        fieldType="input"
        formControlStyle={Object {}}
        formGroupStyle={Object {}}
        label="Name"
        onChange={[Function]}
        placeholder="Enter a name for this subscription."
        readOnly={false}
        required={true}
        type="text"
        value=""
      />
      <ConfluenceField
        fieldType="input"
        formControlStyle={Object {}}
        formGroupStyle={Object {}}
        label="Confluence Base URL"
        onChange={[Function]}
        placeholder="Enter the Confluence Base URL."
        readOnly={false}
        required={true}
        type="text"
        value=""
      />
      <div>
        <div
          style={
            Object {
              "display": "flex",
            }
          }
        >
          <ConfluenceField
            fieldType="dropDown"
            formControlStyle={Object {}}
            formGroupStyle={
              Object {
                "flex": "1",
                "marginRight": "20px",
              }
            }
            isMulti={false}
            isSearchable={false}
            label="Subscribe To"
            name="type"
            onChange={[Function]}
            options={
              Array [
                Object {
                  "label": "Space",
                  "value": "space_subscription",
                },
                Object {
                  "label": "Page",
                  "value": "page_subscription",
                },
              ]
            }
            readOnly={false}
            required={true}
            theme={Object {}}
            value={
              Object {
                "label": "Space",
                "value": "space_subscription",
              }
            }
          />
          <ConfluenceField
            fieldType="input"
            formControlStyle={
              Object {
                "height": "38px",
              }
            }
            formGroupStyle={
              Object {
                "flex": "1",
              }
            }
            label="Space Key"
            onChange={[Function]}
            placeholder="Enter the Confluence Space Key."
            readOnly={false}
            required={true}
            type="text"
            value=""
          />
        </div>
        <ConfluenceField
          fieldType="dropDown"
          formControlStyle={Object {}}
          formGroupStyle={Object {}}
          isMulti={true}
          label="Events"
          name="events"
          onChange={[Function]}
          options={
            Array [
              Object {
                "label": "Comment Create",
                "value": "comment_created",
              },
              Object {
                "label": "Comment Update",
                "value": "comment_updated",
              },
              Object {
                "label": "Page Create",
                "value": "page_created",
              },
              Object {
                "label": "Page Update",
                "value": "page_updated",
              },
              Object {
                "label": "Page Trash",
                "value": "page_trashed",
              },
              Object {
                "label": "Page Restore",
                "value": "page_restored",
              },
              Object {
                "label": "Space Updated",
                "value": "space_updated",
              },
            ]
          }
          readOnly={false}
          required={true}
          theme={Object {}}
          value={
            Array [
              Object {
                "label": "Comment Create",
                "value": "comment_created",
              },
              Object {
                "label": "Comment Update",
                "value": "comment_updated",
              },
              Object {
                "label": "Page Create",
                "value": "page_created",
              },
              Object {
                "label": "Page Update",
                "value": "page_updated",
              },
              Object {
                "label": "Page Trash",
                "value": "page_trashed",
              },
              Object {
                "label": "Page Restore",
                "value": "page_restored",
              },
              Object {
                "label": "Space Updated",
                "value": "space_updated",
              },
            ]
          }
        />
      </div>
    </div>
  </ModalBody>
  <ModalFooter>
    <Button
      active={false}
      bsStyle="link"
      disabled={false}
      onClick={[Function]}
      type="button"
      variant="primary"
    >
      Cancel
    </Button>
    <Button
      active={false}
      bsStyle="primary"
      disabled={false}
      onClick={[Function]}
      type="submit"
      variant="primary"
    >
      Save Subscription
    </Button>
  </ModalFooter>
</Modal>
`;
