// Jest Snapshot v1, https://goo.gl/fbAQLP

exports[`components/ConfluenceInstanceSelector confluence instance selector snapshot test 1`] = `
<ContextProvider
  value={
    Object {
      "store": Object {
        "clearActions": [Function],
        "dispatch": [Function],
        "getActions": [Function],
        "getState": [Function],
        "replaceReducer": [Function],
        "subscribe": [Function],
      },
      "subscription": Object {
        "addNestedSub": [Function],
        "getListeners": [Function],
        "handleChangeWrapper": [Function],
        "isSubscribed": [Function],
        "notifyNestedSubs": [Function],
        "trySubscribe": [Function],
        "tryUnsubscribe": [Function],
      },
    }
  }
>
  <ConfluenceInstanceSelector
    onInstanceChange={[MockFunction]}
    selectedInstanceID="test-spaceKey"
    theme={Object {}}
  />
</ContextProvider>
`;
